// Jest Snapshot v1, https://goo.gl/fbAQLP

exports[`should match snapshot 1`] = `
Object {
  "asFragment": [Function],
  "baseElement": <body>
    <div>
      <div>
        <header
          class="MuiPaper-root MuiAppBar-root MuiAppBar-positionStatic MuiAppBar-colorPrimary MuiPaper-elevation4"
        >
          <div
            background="primary"
            class="MuiTabs-root"
          >
            <div
              class="MuiTabs-scroller MuiTabs-fixed"
              style="overflow: hidden;"
            >
              <div
                aria-label="full width tabs example"
                class="MuiTabs-flexContainer"
                role="tablist"
              >
                <button
                  class="MuiButtonBase-root MuiButton-root MuiButton-text makeStyles-icon-3 MuiButton-fullWidth"
                  tabindex="0"
                  textcolor="inherit"
                  type="button"
                  value="0"
                >
                  <span
                    class="MuiButton-label"
                  >
                    <svg
                      aria-hidden="true"
                      class="MuiSvgIcon-root"
                      focusable="false"
                      style="font-size: 30px; color: rgb(255, 255, 255);"
                      viewBox="0 0 24 24"
                    >
                      <path
                        d="M10 20v-6h4v6h5v-8h3L12 3 2 12h3v8z"
                      />
                    </svg>
                  </span>
                  <span
                    class="MuiTouchRipple-root"
                  />
                </button>
                <button
                  aria-controls="full-width-tabpanel-1"
                  aria-selected="true"
                  class="MuiButtonBase-root MuiTab-root MuiTab-textColorInherit makeStyles-tab-2 Mui-selected MuiTab-fullWidth"
                  id="full-width-tab-1"
                  role="tab"
                  tabindex="0"
                  type="button"
                >
                  <span
                    class="MuiTab-wrapper"
                  >
                    Introduction
                  </span>
                  <span
                    class="MuiTouchRipple-root"
                  />
                </button>
                <button
                  aria-controls="full-width-tabpanel-2"
                  aria-selected="false"
                  class="MuiButtonBase-root MuiTab-root MuiTab-textColorInherit makeStyles-tab-2 MuiTab-fullWidth"
                  id="full-width-tab-2"
                  role="tab"
                  tabindex="-1"
                  type="button"
                >
                  <span
                    class="MuiTab-wrapper"
                  >
                    Operation
                  </span>
                  <span
                    class="MuiTouchRipple-root"
                  />
                </button>
                <button
                  aria-controls="full-width-tabpanel-3"
                  aria-selected="false"
                  class="MuiButtonBase-root MuiTab-root MuiTab-textColorInherit makeStyles-tab-2 MuiTab-fullWidth"
                  id="full-width-tab-3"
                  role="tab"
                  tabindex="-1"
                  type="button"
                >
                  <span
                    class="MuiTab-wrapper"
                  >
                    Implementation
                  </span>
                  <span
                    class="MuiTouchRipple-root"
                  />
                </button>
              </div>
              <span
                class="PrivateTabIndicator-root-7 PrivateTabIndicator-colorSecondary-9 MuiTabs-indicator"
                style="left: 0px; width: 0px;"
              />
            </div>
          </div>
        </header>
        <div
          style="overflow-x: hidden;"
        >
          <div
            class="react-swipeable-view-container"
            style="flex-direction: row; transition: all 0s ease 0s; direction: ltr; display: flex; will-change: transform;"
          >
            <div
              aria-hidden="false"
              data-swipeable="true"
              style="width: 100%; flex-shrink: 0; overflow: auto;"
            >
              <div
                aria-labelledby="full-width-tab-1"
                dir="ltr"
                id="full-width-tabpanel-1"
                role="tabpanel"
              >
                <div
                  class="MuiBox-root MuiBox-root-11"
                >
                  <p
                    class="MuiTypography-root MuiTypography-body1"
                  >
                    <div
                      class="makeStyles-div-4"
                    >
                      <div
                        class="MuiPaper-root MuiCard-root makeStyles-cardOne-5 MuiPaper-elevation1 MuiPaper-rounded"
                      >
                        <div
                          class="MuiCardContent-root"
                        />
                      </div>
                      <div
                        class="MuiPaper-root MuiCard-root makeStyles-cardTwo-6 MuiPaper-elevation1 MuiPaper-rounded"
                      />
                    </div>
                  </p>
                </div>
              </div>
            </div>
          </div>
        </div>
      </div>
    </div>
  </body>,
  "container": <div>
    <div>
      <header
        class="MuiPaper-root MuiAppBar-root MuiAppBar-positionStatic MuiAppBar-colorPrimary MuiPaper-elevation4"
      >
        <div
          background="primary"
          class="MuiTabs-root"
        >
          <div
            class="MuiTabs-scroller MuiTabs-fixed"
            style="overflow: hidden;"
          >
            <div
              aria-label="full width tabs example"
              class="MuiTabs-flexContainer"
              role="tablist"
            >
              <button
                class="MuiButtonBase-root MuiButton-root MuiButton-text makeStyles-icon-3 MuiButton-fullWidth"
                tabindex="0"
                textcolor="inherit"
                type="button"
                value="0"
              >
                <span
                  class="MuiButton-label"
                >
                  <svg
                    aria-hidden="true"
                    class="MuiSvgIcon-root"
                    focusable="false"
                    style="font-size: 30px; color: rgb(255, 255, 255);"
                    viewBox="0 0 24 24"
                  >
                    <path
                      d="M10 20v-6h4v6h5v-8h3L12 3 2 12h3v8z"
                    />
                  </svg>
                </span>
                <span
                  class="MuiTouchRipple-root"
                />
              </button>
              <button
                aria-controls="full-width-tabpanel-1"
                aria-selected="true"
                class="MuiButtonBase-root MuiTab-root MuiTab-textColorInherit makeStyles-tab-2 Mui-selected MuiTab-fullWidth"
                id="full-width-tab-1"
                role="tab"
                tabindex="0"
                type="button"
              >
                <span
                  class="MuiTab-wrapper"
                >
                  Introduction
                </span>
                <span
                  class="MuiTouchRipple-root"
                />
              </button>
              <button
                aria-controls="full-width-tabpanel-2"
                aria-selected="false"
                class="MuiButtonBase-root MuiTab-root MuiTab-textColorInherit makeStyles-tab-2 MuiTab-fullWidth"
                id="full-width-tab-2"
                role="tab"
                tabindex="-1"
                type="button"
              >
                <span
                  class="MuiTab-wrapper"
                >
                  Operation
                </span>
                <span
                  class="MuiTouchRipple-root"
                />
              </button>
              <button
                aria-controls="full-width-tabpanel-3"
                aria-selected="false"
                class="MuiButtonBase-root MuiTab-root MuiTab-textColorInherit makeStyles-tab-2 MuiTab-fullWidth"
                id="full-width-tab-3"
                role="tab"
                tabindex="-1"
                type="button"
              >
                <span
                  class="MuiTab-wrapper"
                >
                  Implementation
                </span>
                <span
                  class="MuiTouchRipple-root"
                />
              </button>
            </div>
            <span
              class="PrivateTabIndicator-root-7 PrivateTabIndicator-colorSecondary-9 MuiTabs-indicator"
              style="left: 0px; width: 0px;"
            />
          </div>
        </div>
      </header>
      <div
        style="overflow-x: hidden;"
      >
        <div
          class="react-swipeable-view-container"
          style="flex-direction: row; transition: all 0s ease 0s; direction: ltr; display: flex; will-change: transform;"
        >
          <div
            aria-hidden="false"
            data-swipeable="true"
            style="width: 100%; flex-shrink: 0; overflow: auto;"
          >
            <div
              aria-labelledby="full-width-tab-1"
              dir="ltr"
              id="full-width-tabpanel-1"
              role="tabpanel"
            >
              <div
                class="MuiBox-root MuiBox-root-11"
              >
                <p
                  class="MuiTypography-root MuiTypography-body1"
                >
                  <div
                    class="makeStyles-div-4"
                  >
                    <div
                      class="MuiPaper-root MuiCard-root makeStyles-cardOne-5 MuiPaper-elevation1 MuiPaper-rounded"
                    >
                      <div
                        class="MuiCardContent-root"
                      />
                    </div>
                    <div
                      class="MuiPaper-root MuiCard-root makeStyles-cardTwo-6 MuiPaper-elevation1 MuiPaper-rounded"
                    />
                  </div>
                </p>
              </div>
            </div>
          </div>
        </div>
      </div>
    </div>
  </div>,
  "debug": [Function],
  "findAllByAltText": [Function],
  "findAllByDisplayValue": [Function],
  "findAllByLabelText": [Function],
  "findAllByPlaceholderText": [Function],
  "findAllByRole": [Function],
  "findAllByTestId": [Function],
  "findAllByText": [Function],
  "findAllByTitle": [Function],
  "findByAltText": [Function],
  "findByDisplayValue": [Function],
  "findByLabelText": [Function],
  "findByPlaceholderText": [Function],
  "findByRole": [Function],
  "findByTestId": [Function],
  "findByText": [Function],
  "findByTitle": [Function],
  "getAllByAltText": [Function],
  "getAllByDisplayValue": [Function],
  "getAllByLabelText": [Function],
  "getAllByPlaceholderText": [Function],
  "getAllByRole": [Function],
  "getAllByTestId": [Function],
  "getAllByText": [Function],
  "getAllByTitle": [Function],
  "getByAltText": [Function],
  "getByDisplayValue": [Function],
  "getByLabelText": [Function],
  "getByPlaceholderText": [Function],
  "getByRole": [Function],
  "getByTestId": [Function],
  "getByText": [Function],
  "getByTitle": [Function],
  "queryAllByAltText": [Function],
  "queryAllByDisplayValue": [Function],
  "queryAllByLabelText": [Function],
  "queryAllByPlaceholderText": [Function],
  "queryAllByRole": [Function],
  "queryAllByTestId": [Function],
  "queryAllByText": [Function],
  "queryAllByTitle": [Function],
  "queryByAltText": [Function],
  "queryByDisplayValue": [Function],
  "queryByLabelText": [Function],
  "queryByPlaceholderText": [Function],
  "queryByRole": [Function],
  "queryByTestId": [Function],
  "queryByText": [Function],
  "queryByTitle": [Function],
  "rerender": [Function],
  "unmount": [Function],
}
`;
