// Jest Snapshot v1, https://goo.gl/fbAQLP

exports[`should match Snapshot 1`] = `
Object {
  "asFragment": [Function],
  "baseElement": <body>
    <div>
      <div
        class="makeStyles-root-15"
      >
        <button
          class="MuiButtonBase-root makeStyles-image-16"
          tabindex="0"
          type="button"
        >
          <span
            class="makeStyles-imageSrc-19"
            style="background-color: grey;"
          />
          <span
            class="makeStyles-imageBackdrop-20"
          />
          <span
            class="makeStyles-imageButton-18"
          >
            <span
              class="MuiTypography-root makeStyles-imageTitle-21 MuiTypography-subtitle1 MuiTypography-colorInherit"
            >
              Bubble sort
            </span>
          </span>
          <span
            class="MuiTouchRipple-root"
          />
        </button>
      </div>
    </div>
  </body>,
  "container": <div>
    <div
      class="makeStyles-root-15"
    >
      <button
        class="MuiButtonBase-root makeStyles-image-16"
        tabindex="0"
        type="button"
      >
        <span
          class="makeStyles-imageSrc-19"
          style="background-color: grey;"
        />
        <span
          class="makeStyles-imageBackdrop-20"
        />
        <span
          class="makeStyles-imageButton-18"
        >
          <span
            class="MuiTypography-root makeStyles-imageTitle-21 MuiTypography-subtitle1 MuiTypography-colorInherit"
          >
            Bubble sort
          </span>
        </span>
        <span
          class="MuiTouchRipple-root"
        />
      </button>
    </div>
  </div>,
  "debug": [Function],
  "findAllByAltText": [Function],
  "findAllByDisplayValue": [Function],
  "findAllByLabelText": [Function],
  "findAllByPlaceholderText": [Function],
  "findAllByRole": [Function],
  "findAllByTestId": [Function],
  "findAllByText": [Function],
  "findAllByTitle": [Function],
  "findByAltText": [Function],
  "findByDisplayValue": [Function],
  "findByLabelText": [Function],
  "findByPlaceholderText": [Function],
  "findByRole": [Function],
  "findByTestId": [Function],
  "findByText": [Function],
  "findByTitle": [Function],
  "getAllByAltText": [Function],
  "getAllByDisplayValue": [Function],
  "getAllByLabelText": [Function],
  "getAllByPlaceholderText": [Function],
  "getAllByRole": [Function],
  "getAllByTestId": [Function],
  "getAllByText": [Function],
  "getAllByTitle": [Function],
  "getByAltText": [Function],
  "getByDisplayValue": [Function],
  "getByLabelText": [Function],
  "getByPlaceholderText": [Function],
  "getByRole": [Function],
  "getByTestId": [Function],
  "getByText": [Function],
  "getByTitle": [Function],
  "queryAllByAltText": [Function],
  "queryAllByDisplayValue": [Function],
  "queryAllByLabelText": [Function],
  "queryAllByPlaceholderText": [Function],
  "queryAllByRole": [Function],
  "queryAllByTestId": [Function],
  "queryAllByText": [Function],
  "queryAllByTitle": [Function],
  "queryByAltText": [Function],
  "queryByDisplayValue": [Function],
  "queryByLabelText": [Function],
  "queryByPlaceholderText": [Function],
  "queryByRole": [Function],
  "queryByTestId": [Function],
  "queryByText": [Function],
  "queryByTitle": [Function],
  "rerender": [Function],
  "unmount": [Function],
}
`;
