// Jest Snapshot v1, https://goo.gl/fbAQLP

exports[`should call two modules 1`] = `
Object {
  "asFragment": [Function],
  "baseElement": <body>
    <div>
      <div
        style="display: inline-block; margin: 40px;"
      >
        <div
          class="makeStyles-root-1"
        >
          <button
            class="MuiButtonBase-root makeStyles-image-2"
            tabindex="0"
            type="button"
          >
            <span
              class="makeStyles-imageSrc-5"
              style="background-color: grey;"
            />
            <span
              class="makeStyles-imageBackdrop-6"
            />
            <span
              class="makeStyles-imageButton-4"
            >
              <span
                class="MuiTypography-root makeStyles-imageTitle-7 MuiTypography-subtitle1 MuiTypography-colorInherit"
              >
                Bubble sort
              </span>
            </span>
            <span
              class="MuiTouchRipple-root"
            />
          </button>
        </div>
        <div
          class="makeStyles-root-8"
        >
          <div
            aria-valuemax="100"
            aria-valuemin="0"
            aria-valuenow="15"
            class="MuiLinearProgress-root WithStyles(ForwardRef(LinearProgress))-root-9 MuiLinearProgress-colorPrimary WithStyles(ForwardRef(LinearProgress))-colorPrimary-10 MuiLinearProgress-determinate"
            role="progressbar"
          >
            <div
              class="MuiLinearProgress-bar WithStyles(ForwardRef(LinearProgress))-bar-11 MuiLinearProgress-barColorPrimary MuiLinearProgress-bar1Determinate"
              style="transform: translateX(-85%);"
            />
          </div>
        </div>
      </div>
    </div>
  </body>,
  "container": <div>
    <div
      style="display: inline-block; margin: 40px;"
    >
      <div
        class="makeStyles-root-1"
      >
        <button
          class="MuiButtonBase-root makeStyles-image-2"
          tabindex="0"
          type="button"
        >
          <span
            class="makeStyles-imageSrc-5"
            style="background-color: grey;"
          />
          <span
            class="makeStyles-imageBackdrop-6"
          />
          <span
            class="makeStyles-imageButton-4"
          >
            <span
              class="MuiTypography-root makeStyles-imageTitle-7 MuiTypography-subtitle1 MuiTypography-colorInherit"
            >
              Bubble sort
            </span>
          </span>
          <span
            class="MuiTouchRipple-root"
          />
        </button>
      </div>
      <div
        class="makeStyles-root-8"
      >
        <div
          aria-valuemax="100"
          aria-valuemin="0"
          aria-valuenow="15"
          class="MuiLinearProgress-root WithStyles(ForwardRef(LinearProgress))-root-9 MuiLinearProgress-colorPrimary WithStyles(ForwardRef(LinearProgress))-colorPrimary-10 MuiLinearProgress-determinate"
          role="progressbar"
        >
          <div
            class="MuiLinearProgress-bar WithStyles(ForwardRef(LinearProgress))-bar-11 MuiLinearProgress-barColorPrimary MuiLinearProgress-bar1Determinate"
            style="transform: translateX(-85%);"
          />
        </div>
      </div>
    </div>
  </div>,
  "debug": [Function],
  "findAllByAltText": [Function],
  "findAllByDisplayValue": [Function],
  "findAllByLabelText": [Function],
  "findAllByPlaceholderText": [Function],
  "findAllByRole": [Function],
  "findAllByTestId": [Function],
  "findAllByText": [Function],
  "findAllByTitle": [Function],
  "findByAltText": [Function],
  "findByDisplayValue": [Function],
  "findByLabelText": [Function],
  "findByPlaceholderText": [Function],
  "findByRole": [Function],
  "findByTestId": [Function],
  "findByText": [Function],
  "findByTitle": [Function],
  "getAllByAltText": [Function],
  "getAllByDisplayValue": [Function],
  "getAllByLabelText": [Function],
  "getAllByPlaceholderText": [Function],
  "getAllByRole": [Function],
  "getAllByTestId": [Function],
  "getAllByText": [Function],
  "getAllByTitle": [Function],
  "getByAltText": [Function],
  "getByDisplayValue": [Function],
  "getByLabelText": [Function],
  "getByPlaceholderText": [Function],
  "getByRole": [Function],
  "getByTestId": [Function],
  "getByText": [Function],
  "getByTitle": [Function],
  "queryAllByAltText": [Function],
  "queryAllByDisplayValue": [Function],
  "queryAllByLabelText": [Function],
  "queryAllByPlaceholderText": [Function],
  "queryAllByRole": [Function],
  "queryAllByTestId": [Function],
  "queryAllByText": [Function],
  "queryAllByTitle": [Function],
  "queryByAltText": [Function],
  "queryByDisplayValue": [Function],
  "queryByLabelText": [Function],
  "queryByPlaceholderText": [Function],
  "queryByRole": [Function],
  "queryByTestId": [Function],
  "queryByText": [Function],
  "queryByTitle": [Function],
  "rerender": [Function],
  "unmount": [Function],
}
`;
