// Jest Snapshot v1, https://goo.gl/fbAQLP

exports[`should match snapshot 1`] = `
Object {
  "asFragment": [Function],
  "baseElement": <body>
    <div>
      <div
        class="makeStyles-root-28"
      >
        <h1>
          Unsorted Array
        </h1>
        <ul
          class="makeStyles-bars-29"
        >
          <li
            class="makeStyles-bar-30"
            style="height: 20px; background-color: rgb(0, 191, 255);"
          >
            <div
              class="makeStyles-barNumber-31"
            >
              2
            </div>
          </li>
          <li
            class="makeStyles-bar-30"
            style="height: 10px; background-color: rgb(0, 191, 255);"
          >
            <div
              class="makeStyles-barNumber-31"
            >
              1
            </div>
          </li>
          <li
            class="makeStyles-bar-30"
            style="height: 60px; background-color: rgb(0, 191, 255);"
          >
            <div
              class="makeStyles-barNumber-31"
            >
              6
            </div>
          </li>
          <li
            class="makeStyles-bar-30"
            style="height: 100px; background-color: rgb(0, 191, 255);"
          >
            <div
              class="makeStyles-barNumber-31"
            >
              10
            </div>
          </li>
          <li
            class="makeStyles-bar-30"
            style="height: 90px; background-color: rgb(0, 191, 255);"
          >
            <div
              class="makeStyles-barNumber-31"
            >
              9
            </div>
          </li>
          <li
            class="makeStyles-bar-30"
            style="height: 120px; background-color: rgb(0, 191, 255);"
          >
            <div
              class="makeStyles-barNumber-31"
            >
              12
            </div>
          </li>
          <li
            class="makeStyles-bar-30"
            style="height: 80px; background-color: rgb(0, 191, 255);"
          >
            <div
              class="makeStyles-barNumber-31"
            >
              8
            </div>
          </li>
          <li
            class="makeStyles-bar-30"
            style="height: 30px; background-color: rgb(0, 191, 255);"
          >
            <div
              class="makeStyles-barNumber-31"
            >
              3
            </div>
          </li>
        </ul>
        <div
          class="makeStyles-root-32"
        >
          <span
            class="MuiSlider-root WithStyles(ForwardRef(Slider))-root-33 MuiSlider-colorPrimary"
          >
            <span
              class="MuiSlider-rail WithStyles(ForwardRef(Slider))-rail-38"
            />
            <span
              class="MuiSlider-track WithStyles(ForwardRef(Slider))-track-37"
              style="left: 0%; width: 0%;"
            />
            <input
              type="hidden"
              value="0"
            />
            <span
              class="MuiSlider-mark WithStyles(ForwardRef(Slider))-mark-39 MuiSlider-markActive"
              data-index="0"
              style="left: 0%;"
            />
            <span
              class="MuiSlider-mark WithStyles(ForwardRef(Slider))-mark-39"
              data-index="1"
              style="left: 3.5714285714285716%;"
            />
            <span
              class="MuiSlider-mark WithStyles(ForwardRef(Slider))-mark-39"
              data-index="2"
              style="left: 7.142857142857143%;"
            />
            <span
              class="MuiSlider-mark WithStyles(ForwardRef(Slider))-mark-39"
              data-index="3"
              style="left: 10.714285714285714%;"
            />
            <span
              class="MuiSlider-mark WithStyles(ForwardRef(Slider))-mark-39"
              data-index="4"
              style="left: 14.285714285714286%;"
            />
            <span
              class="MuiSlider-mark WithStyles(ForwardRef(Slider))-mark-39"
              data-index="5"
              style="left: 17.857142857142858%;"
            />
            <span
              class="MuiSlider-mark WithStyles(ForwardRef(Slider))-mark-39"
              data-index="6"
              style="left: 21.428571428571427%;"
            />
            <span
              class="MuiSlider-mark WithStyles(ForwardRef(Slider))-mark-39"
              data-index="7"
              style="left: 25%;"
            />
            <span
              class="MuiSlider-mark WithStyles(ForwardRef(Slider))-mark-39"
              data-index="8"
              style="left: 28.571428571428573%;"
            />
            <span
              class="MuiSlider-mark WithStyles(ForwardRef(Slider))-mark-39"
              data-index="9"
              style="left: 32.142857142857146%;"
            />
            <span
              class="MuiSlider-mark WithStyles(ForwardRef(Slider))-mark-39"
              data-index="10"
              style="left: 35.714285714285715%;"
            />
            <span
              class="MuiSlider-mark WithStyles(ForwardRef(Slider))-mark-39"
              data-index="11"
              style="left: 39.285714285714285%;"
            />
            <span
              class="MuiSlider-mark WithStyles(ForwardRef(Slider))-mark-39"
              data-index="12"
              style="left: 42.857142857142854%;"
            />
            <span
              class="MuiSlider-mark WithStyles(ForwardRef(Slider))-mark-39"
              data-index="13"
              style="left: 46.42857142857143%;"
            />
            <span
              class="MuiSlider-mark WithStyles(ForwardRef(Slider))-mark-39"
              data-index="14"
              style="left: 50%;"
            />
            <span
              class="MuiSlider-mark WithStyles(ForwardRef(Slider))-mark-39"
              data-index="15"
              style="left: 53.57142857142857%;"
            />
            <span
              class="MuiSlider-mark WithStyles(ForwardRef(Slider))-mark-39"
              data-index="16"
              style="left: 57.142857142857146%;"
            />
            <span
              class="MuiSlider-mark WithStyles(ForwardRef(Slider))-mark-39"
              data-index="17"
              style="left: 60.714285714285715%;"
            />
            <span
              class="MuiSlider-mark WithStyles(ForwardRef(Slider))-mark-39"
              data-index="18"
              style="left: 64.28571428571429%;"
            />
            <span
              class="MuiSlider-mark WithStyles(ForwardRef(Slider))-mark-39"
              data-index="19"
              style="left: 67.85714285714286%;"
            />
            <span
              class="MuiSlider-mark WithStyles(ForwardRef(Slider))-mark-39"
              data-index="20"
              style="left: 71.42857142857143%;"
            />
            <span
              class="MuiSlider-mark WithStyles(ForwardRef(Slider))-mark-39"
              data-index="21"
              style="left: 75%;"
            />
            <span
              class="MuiSlider-mark WithStyles(ForwardRef(Slider))-mark-39"
              data-index="22"
              style="left: 78.57142857142857%;"
            />
            <span
              class="MuiSlider-mark WithStyles(ForwardRef(Slider))-mark-39"
              data-index="23"
              style="left: 82.14285714285714%;"
            />
            <span
              class="MuiSlider-mark WithStyles(ForwardRef(Slider))-mark-39"
              data-index="24"
              style="left: 85.71428571428571%;"
            />
            <span
              class="MuiSlider-mark WithStyles(ForwardRef(Slider))-mark-39"
              data-index="25"
              style="left: 89.28571428571429%;"
            />
            <span
              class="MuiSlider-mark WithStyles(ForwardRef(Slider))-mark-39"
              data-index="26"
              style="left: 92.85714285714286%;"
            />
            <span
              class="MuiSlider-mark WithStyles(ForwardRef(Slider))-mark-39"
              data-index="27"
              style="left: 96.42857142857143%;"
            />
            <span
              class="MuiSlider-mark WithStyles(ForwardRef(Slider))-mark-39"
              data-index="28"
              style="left: 100%;"
            />
            <span
              aria-labelledby="Progress"
              aria-orientation="horizontal"
              aria-valuemax="28"
              aria-valuemin="0"
              aria-valuenow="0"
              class="MuiSlider-thumb WithStyles(ForwardRef(Slider))-thumb-34 MuiSlider-thumbColorPrimary PrivateValueLabel-thumb-40"
              data-index="0"
              role="slider"
              style="left: 0%;"
              tabindex="0"
            >
              <span
                class="PrivateValueLabel-offset-42 MuiSlider-valueLabel WithStyles(ForwardRef(Slider))-valueLabel-36"
              >
                <span
                  class="PrivateValueLabel-circle-43"
                >
                  <span
                    class="PrivateValueLabel-label-44"
                  >
                    0
                  </span>
                </span>
              </span>
            </span>
          </span>
        </div>
        <div
          style="position: relative; left: 50%; transform: translate(-50%); width: 240px;"
        >
          <span
            class="makeStyles-customTooltip-45"
            title="Reset"
          >
            <button
              class="MuiButtonBase-root MuiIconButton-root"
              tabindex="0"
              type="button"
            >
              <span
                class="MuiIconButton-label"
              >
                <svg
                  aria-hidden="true"
                  class="MuiSvgIcon-root MuiSvgIcon-fontSizeSmall"
                  focusable="false"
                  style="color: grey;"
                  viewBox="0 0 24 24"
                >
                  <path
                    d="M12 5V1L7 6l5 5V7c3.31 0 6 2.69 6 6s-2.69 6-6 6-6-2.69-6-6H4c0 4.42 3.58 8 8 8s8-3.58 8-8-3.58-8-8-8z"
                  />
                </svg>
              </span>
              <span
                class="MuiTouchRipple-root"
              />
            </button>
          </span>
          <button
            class="MuiButtonBase-root MuiIconButton-root Mui-disabled Mui-disabled"
            disabled=""
            tabindex="-1"
            type="button"
          >
            <span
              class="MuiIconButton-label"
            >
              <svg
                aria-hidden="true"
                class="MuiSvgIcon-root MuiSvgIcon-fontSizeSmall"
                focusable="false"
                style="color: grey;"
                viewBox="0 0 24 24"
              >
                <path
                  d="M6 6h2v12H6zm3.5 6l8.5 6V6z"
                />
              </svg>
            </span>
          </button>
          <button
            class="MuiButtonBase-root MuiIconButton-root"
            tabindex="0"
            type="button"
          >
            <span
              class="MuiIconButton-label"
            >
              <svg
                aria-hidden="true"
                class="MuiSvgIcon-root MuiSvgIcon-fontSizeLarge"
                focusable="false"
                viewBox="0 0 24 24"
              >
                <path
                  d="M12 2C6.48 2 2 6.48 2 12s4.48 10 10 10 10-4.48 10-10S17.52 2 12 2zm-2 14.5v-9l6 4.5-6 4.5z"
                />
              </svg>
            </span>
            <span
              class="MuiTouchRipple-root"
            />
          </button>
          <button
            class="MuiButtonBase-root MuiIconButton-root"
            tabindex="0"
            type="button"
          >
            <span
              class="MuiIconButton-label"
            >
              <svg
                aria-hidden="true"
                class="MuiSvgIcon-root MuiSvgIcon-fontSizeSmall"
                focusable="false"
                style="color: grey;"
                viewBox="0 0 24 24"
              >
                <path
                  d="M6 18l8.5-6L6 6v12zM16 6v12h2V6h-2z"
                />
              </svg>
            </span>
            <span
              class="MuiTouchRipple-root"
            />
          </button>
          <div
            class="makeStyles-root-46"
          >
            <button
              aria-controls="simple-menu"
              aria-haspopup="true"
              class="MuiButtonBase-root MuiButton-root MuiButton-text makeStyles-button-48"
              style="min-width: 40px;"
              tabindex="0"
              title="Speed"
              type="button"
            >
              <span
                class="MuiButton-label"
              >
                1x
              </span>
              <span
                class="MuiTouchRipple-root"
              />
            </button>
          </div>
        </div>
      </div>
    </div>
    <div
      aria-hidden="true"
      class="MuiPopover-root makeStyles-menu-47"
      id="simple-menu"
      role="presentation"
      style="position: fixed; z-index: 1300; right: 0px; bottom: 0px; top: 0px; left: 0px; visibility: hidden;"
    >
      <div
        data-test="sentinelStart"
        tabindex="0"
      />
      <div
        class="MuiPaper-root MuiMenu-paper MuiPopover-paper MuiPaper-elevation8 MuiPaper-rounded"
        style="opacity: 0; transform: scale(0.75, 0.5625); visibility: hidden;"
        tabindex="-1"
      >
        <ul
          class="MuiList-root MuiMenu-list MuiList-padding"
          role="menu"
          tabindex="-1"
        >
          <li
            aria-disabled="false"
            class="MuiButtonBase-root MuiListItem-root MuiMenuItem-root WithStyles(ForwardRef(MenuItem))-root-50 MuiMenuItem-gutters MuiListItem-gutters MuiListItem-button"
            role="menuitem"
            tabindex="0"
            value="1"
          >
            0.25x
            <span
              class="MuiTouchRipple-root"
            />
          </li>
          <li
            aria-disabled="false"
            class="MuiButtonBase-root MuiListItem-root MuiMenuItem-root WithStyles(ForwardRef(MenuItem))-root-50 MuiMenuItem-gutters MuiListItem-gutters MuiListItem-button"
            role="menuitem"
            tabindex="-1"
            value="2"
          >
            0.5x
            <span
              class="MuiTouchRipple-root"
            />
          </li>
          <li
            aria-disabled="false"
            class="MuiButtonBase-root MuiListItem-root MuiMenuItem-root WithStyles(ForwardRef(MenuItem))-root-50 MuiMenuItem-gutters MuiListItem-gutters MuiListItem-button"
            role="menuitem"
            tabindex="-1"
            value="4"
          >
            1x
            <span
              class="MuiTouchRipple-root"
            />
          </li>
          <li
            aria-disabled="false"
            class="MuiButtonBase-root MuiListItem-root MuiMenuItem-root WithStyles(ForwardRef(MenuItem))-root-50 MuiMenuItem-gutters MuiListItem-gutters MuiListItem-button"
            role="menuitem"
            tabindex="-1"
            value="8"
          >
            2x
            <span
              class="MuiTouchRipple-root"
            />
          </li>
          <li
            aria-disabled="false"
            class="MuiButtonBase-root MuiListItem-root MuiMenuItem-root WithStyles(ForwardRef(MenuItem))-root-50 MuiMenuItem-gutters MuiListItem-gutters MuiListItem-button"
            role="menuitem"
            tabindex="-1"
            value="16"
          >
            4x
            <span
              class="MuiTouchRipple-root"
            />
          </li>
        </ul>
      </div>
      <div
        data-test="sentinelEnd"
        tabindex="0"
      />
    </div>
  </body>,
  "container": <div>
    <div
      class="makeStyles-root-28"
    >
      <h1>
        Unsorted Array
      </h1>
      <ul
        class="makeStyles-bars-29"
      >
        <li
          class="makeStyles-bar-30"
          style="height: 20px; background-color: rgb(0, 191, 255);"
        >
          <div
            class="makeStyles-barNumber-31"
          >
            2
          </div>
        </li>
        <li
          class="makeStyles-bar-30"
          style="height: 10px; background-color: rgb(0, 191, 255);"
        >
          <div
            class="makeStyles-barNumber-31"
          >
            1
          </div>
        </li>
        <li
          class="makeStyles-bar-30"
          style="height: 60px; background-color: rgb(0, 191, 255);"
        >
          <div
            class="makeStyles-barNumber-31"
          >
            6
          </div>
        </li>
        <li
          class="makeStyles-bar-30"
          style="height: 100px; background-color: rgb(0, 191, 255);"
        >
          <div
            class="makeStyles-barNumber-31"
          >
            10
          </div>
        </li>
        <li
          class="makeStyles-bar-30"
          style="height: 90px; background-color: rgb(0, 191, 255);"
        >
          <div
            class="makeStyles-barNumber-31"
          >
            9
          </div>
        </li>
        <li
          class="makeStyles-bar-30"
          style="height: 120px; background-color: rgb(0, 191, 255);"
        >
          <div
            class="makeStyles-barNumber-31"
          >
            12
          </div>
        </li>
        <li
          class="makeStyles-bar-30"
          style="height: 80px; background-color: rgb(0, 191, 255);"
        >
          <div
            class="makeStyles-barNumber-31"
          >
            8
          </div>
        </li>
        <li
          class="makeStyles-bar-30"
          style="height: 30px; background-color: rgb(0, 191, 255);"
        >
          <div
            class="makeStyles-barNumber-31"
          >
            3
          </div>
        </li>
      </ul>
      <div
        class="makeStyles-root-32"
      >
        <span
          class="MuiSlider-root WithStyles(ForwardRef(Slider))-root-33 MuiSlider-colorPrimary"
        >
          <span
            class="MuiSlider-rail WithStyles(ForwardRef(Slider))-rail-38"
          />
          <span
            class="MuiSlider-track WithStyles(ForwardRef(Slider))-track-37"
            style="left: 0%; width: 0%;"
          />
          <input
            type="hidden"
            value="0"
          />
          <span
            class="MuiSlider-mark WithStyles(ForwardRef(Slider))-mark-39 MuiSlider-markActive"
            data-index="0"
            style="left: 0%;"
          />
          <span
            class="MuiSlider-mark WithStyles(ForwardRef(Slider))-mark-39"
            data-index="1"
            style="left: 3.5714285714285716%;"
          />
          <span
            class="MuiSlider-mark WithStyles(ForwardRef(Slider))-mark-39"
            data-index="2"
            style="left: 7.142857142857143%;"
          />
          <span
            class="MuiSlider-mark WithStyles(ForwardRef(Slider))-mark-39"
            data-index="3"
            style="left: 10.714285714285714%;"
          />
          <span
            class="MuiSlider-mark WithStyles(ForwardRef(Slider))-mark-39"
            data-index="4"
            style="left: 14.285714285714286%;"
          />
          <span
            class="MuiSlider-mark WithStyles(ForwardRef(Slider))-mark-39"
            data-index="5"
            style="left: 17.857142857142858%;"
          />
          <span
            class="MuiSlider-mark WithStyles(ForwardRef(Slider))-mark-39"
            data-index="6"
            style="left: 21.428571428571427%;"
          />
          <span
            class="MuiSlider-mark WithStyles(ForwardRef(Slider))-mark-39"
            data-index="7"
            style="left: 25%;"
          />
          <span
            class="MuiSlider-mark WithStyles(ForwardRef(Slider))-mark-39"
            data-index="8"
            style="left: 28.571428571428573%;"
          />
          <span
            class="MuiSlider-mark WithStyles(ForwardRef(Slider))-mark-39"
            data-index="9"
            style="left: 32.142857142857146%;"
          />
          <span
            class="MuiSlider-mark WithStyles(ForwardRef(Slider))-mark-39"
            data-index="10"
            style="left: 35.714285714285715%;"
          />
          <span
            class="MuiSlider-mark WithStyles(ForwardRef(Slider))-mark-39"
            data-index="11"
            style="left: 39.285714285714285%;"
          />
          <span
            class="MuiSlider-mark WithStyles(ForwardRef(Slider))-mark-39"
            data-index="12"
            style="left: 42.857142857142854%;"
          />
          <span
            class="MuiSlider-mark WithStyles(ForwardRef(Slider))-mark-39"
            data-index="13"
            style="left: 46.42857142857143%;"
          />
          <span
            class="MuiSlider-mark WithStyles(ForwardRef(Slider))-mark-39"
            data-index="14"
            style="left: 50%;"
          />
          <span
            class="MuiSlider-mark WithStyles(ForwardRef(Slider))-mark-39"
            data-index="15"
            style="left: 53.57142857142857%;"
          />
          <span
            class="MuiSlider-mark WithStyles(ForwardRef(Slider))-mark-39"
            data-index="16"
            style="left: 57.142857142857146%;"
          />
          <span
            class="MuiSlider-mark WithStyles(ForwardRef(Slider))-mark-39"
            data-index="17"
            style="left: 60.714285714285715%;"
          />
          <span
            class="MuiSlider-mark WithStyles(ForwardRef(Slider))-mark-39"
            data-index="18"
            style="left: 64.28571428571429%;"
          />
          <span
            class="MuiSlider-mark WithStyles(ForwardRef(Slider))-mark-39"
            data-index="19"
            style="left: 67.85714285714286%;"
          />
          <span
            class="MuiSlider-mark WithStyles(ForwardRef(Slider))-mark-39"
            data-index="20"
            style="left: 71.42857142857143%;"
          />
          <span
            class="MuiSlider-mark WithStyles(ForwardRef(Slider))-mark-39"
            data-index="21"
            style="left: 75%;"
          />
          <span
            class="MuiSlider-mark WithStyles(ForwardRef(Slider))-mark-39"
            data-index="22"
            style="left: 78.57142857142857%;"
          />
          <span
            class="MuiSlider-mark WithStyles(ForwardRef(Slider))-mark-39"
            data-index="23"
            style="left: 82.14285714285714%;"
          />
          <span
            class="MuiSlider-mark WithStyles(ForwardRef(Slider))-mark-39"
            data-index="24"
            style="left: 85.71428571428571%;"
          />
          <span
            class="MuiSlider-mark WithStyles(ForwardRef(Slider))-mark-39"
            data-index="25"
            style="left: 89.28571428571429%;"
          />
          <span
            class="MuiSlider-mark WithStyles(ForwardRef(Slider))-mark-39"
            data-index="26"
            style="left: 92.85714285714286%;"
          />
          <span
            class="MuiSlider-mark WithStyles(ForwardRef(Slider))-mark-39"
            data-index="27"
            style="left: 96.42857142857143%;"
          />
          <span
            class="MuiSlider-mark WithStyles(ForwardRef(Slider))-mark-39"
            data-index="28"
            style="left: 100%;"
          />
          <span
            aria-labelledby="Progress"
            aria-orientation="horizontal"
            aria-valuemax="28"
            aria-valuemin="0"
            aria-valuenow="0"
            class="MuiSlider-thumb WithStyles(ForwardRef(Slider))-thumb-34 MuiSlider-thumbColorPrimary PrivateValueLabel-thumb-40"
            data-index="0"
            role="slider"
            style="left: 0%;"
            tabindex="0"
          >
            <span
              class="PrivateValueLabel-offset-42 MuiSlider-valueLabel WithStyles(ForwardRef(Slider))-valueLabel-36"
            >
              <span
                class="PrivateValueLabel-circle-43"
              >
                <span
                  class="PrivateValueLabel-label-44"
                >
                  0
                </span>
              </span>
            </span>
          </span>
        </span>
      </div>
      <div
        style="position: relative; left: 50%; transform: translate(-50%); width: 240px;"
      >
        <span
          class="makeStyles-customTooltip-45"
          title="Reset"
        >
          <button
            class="MuiButtonBase-root MuiIconButton-root"
            tabindex="0"
            type="button"
          >
            <span
              class="MuiIconButton-label"
            >
              <svg
                aria-hidden="true"
                class="MuiSvgIcon-root MuiSvgIcon-fontSizeSmall"
                focusable="false"
                style="color: grey;"
                viewBox="0 0 24 24"
              >
                <path
                  d="M12 5V1L7 6l5 5V7c3.31 0 6 2.69 6 6s-2.69 6-6 6-6-2.69-6-6H4c0 4.42 3.58 8 8 8s8-3.58 8-8-3.58-8-8-8z"
                />
              </svg>
            </span>
            <span
              class="MuiTouchRipple-root"
            />
          </button>
        </span>
        <button
          class="MuiButtonBase-root MuiIconButton-root Mui-disabled Mui-disabled"
          disabled=""
          tabindex="-1"
          type="button"
        >
          <span
            class="MuiIconButton-label"
          >
            <svg
              aria-hidden="true"
              class="MuiSvgIcon-root MuiSvgIcon-fontSizeSmall"
              focusable="false"
              style="color: grey;"
              viewBox="0 0 24 24"
            >
              <path
                d="M6 6h2v12H6zm3.5 6l8.5 6V6z"
              />
            </svg>
          </span>
        </button>
        <button
          class="MuiButtonBase-root MuiIconButton-root"
          tabindex="0"
          type="button"
        >
          <span
            class="MuiIconButton-label"
          >
            <svg
              aria-hidden="true"
              class="MuiSvgIcon-root MuiSvgIcon-fontSizeLarge"
              focusable="false"
              viewBox="0 0 24 24"
            >
              <path
                d="M12 2C6.48 2 2 6.48 2 12s4.48 10 10 10 10-4.48 10-10S17.52 2 12 2zm-2 14.5v-9l6 4.5-6 4.5z"
              />
            </svg>
          </span>
          <span
            class="MuiTouchRipple-root"
          />
        </button>
        <button
          class="MuiButtonBase-root MuiIconButton-root"
          tabindex="0"
          type="button"
        >
          <span
            class="MuiIconButton-label"
          >
            <svg
              aria-hidden="true"
              class="MuiSvgIcon-root MuiSvgIcon-fontSizeSmall"
              focusable="false"
              style="color: grey;"
              viewBox="0 0 24 24"
            >
              <path
                d="M6 18l8.5-6L6 6v12zM16 6v12h2V6h-2z"
              />
            </svg>
          </span>
          <span
            class="MuiTouchRipple-root"
          />
        </button>
        <div
          class="makeStyles-root-46"
        >
          <button
            aria-controls="simple-menu"
            aria-haspopup="true"
            class="MuiButtonBase-root MuiButton-root MuiButton-text makeStyles-button-48"
            style="min-width: 40px;"
            tabindex="0"
            title="Speed"
            type="button"
          >
            <span
              class="MuiButton-label"
            >
              1x
            </span>
            <span
              class="MuiTouchRipple-root"
            />
          </button>
        </div>
      </div>
    </div>
  </div>,
  "debug": [Function],
  "findAllByAltText": [Function],
  "findAllByDisplayValue": [Function],
  "findAllByLabelText": [Function],
  "findAllByPlaceholderText": [Function],
  "findAllByRole": [Function],
  "findAllByTestId": [Function],
  "findAllByText": [Function],
  "findAllByTitle": [Function],
  "findByAltText": [Function],
  "findByDisplayValue": [Function],
  "findByLabelText": [Function],
  "findByPlaceholderText": [Function],
  "findByRole": [Function],
  "findByTestId": [Function],
  "findByText": [Function],
  "findByTitle": [Function],
  "getAllByAltText": [Function],
  "getAllByDisplayValue": [Function],
  "getAllByLabelText": [Function],
  "getAllByPlaceholderText": [Function],
  "getAllByRole": [Function],
  "getAllByTestId": [Function],
  "getAllByText": [Function],
  "getAllByTitle": [Function],
  "getByAltText": [Function],
  "getByDisplayValue": [Function],
  "getByLabelText": [Function],
  "getByPlaceholderText": [Function],
  "getByRole": [Function],
  "getByTestId": [Function],
  "getByText": [Function],
  "getByTitle": [Function],
  "queryAllByAltText": [Function],
  "queryAllByDisplayValue": [Function],
  "queryAllByLabelText": [Function],
  "queryAllByPlaceholderText": [Function],
  "queryAllByRole": [Function],
  "queryAllByTestId": [Function],
  "queryAllByText": [Function],
  "queryAllByTitle": [Function],
  "queryByAltText": [Function],
  "queryByDisplayValue": [Function],
  "queryByLabelText": [Function],
  "queryByPlaceholderText": [Function],
  "queryByRole": [Function],
  "queryByTestId": [Function],
  "queryByText": [Function],
  "queryByTitle": [Function],
  "rerender": [Function],
  "unmount": [Function],
}
`;
