// Jest Snapshot v1, https://goo.gl/fbAQLP

exports[`should match InputTable snapshot 1`] = `
Object {
  "asFragment": [Function],
  "baseElement": <body>
    <div>
      <div
        class="makeStyles-root-6"
      >
        <div>
          <div
            class="makeStyles-title-8"
          >
            Legal Input
          </div>
          <div
            class="makeStyles-buttons-7"
          >
            <button
              class="MuiButtonBase-root MuiIconButton-root MuiIconButton-sizeSmall"
              style="background-color: rgb(255, 111, 0); color: rgb(255, 255, 255);"
              tabindex="0"
              title="shuffle"
              type="button"
              variant="contained"
            >
              <span
                class="MuiIconButton-label"
              >
                <svg
                  aria-hidden="true"
                  class="MuiSvgIcon-root"
                  focusable="false"
                  viewBox="0 0 24 24"
                >
                  <path
                    d="M17.65 6.35C16.2 4.9 14.21 4 12 4c-4.42 0-7.99 3.58-7.99 8s3.57 8 7.99 8c3.73 0 6.84-2.55 7.73-6h-2.08c-.82 2.33-3.04 4-5.65 4-3.31 0-6-2.69-6-6s2.69-6 6-6c1.66 0 3.14.69 4.22 1.78L13 11h7V4l-2.35 2.35z"
                  />
                </svg>
              </span>
              <span
                class="MuiTouchRipple-root"
              />
            </button>
            <button
              class="MuiButtonBase-root MuiIconButton-root MuiIconButton-sizeSmall"
              style="background-color: rgb(255, 111, 0); color: rgb(255, 255, 255);"
              tabindex="0"
              title="play"
              type="button"
              variant="contained"
            >
              <span
                class="MuiIconButton-label"
              >
                <svg
                  aria-hidden="true"
                  class="MuiSvgIcon-root"
                  focusable="false"
                  viewBox="0 0 24 24"
                >
                  <path
                    d="M8 5v14l11-7z"
                  />
                </svg>
              </span>
              <span
                class="MuiTouchRipple-root"
              />
            </button>
          </div>
          <div
            class="makeStyles-tables-9"
          >
            <div
              class="MuiPaper-root MuiTableContainer-root MuiPaper-elevation1 MuiPaper-rounded"
            >
              <table
                aria-label="a dense table"
                class="MuiTable-root"
              >
                <thead
                  class="MuiTableHead-root"
                >
                  <tr
                    class="MuiTableRow-root MuiTableRow-head"
                  >
                    <th
                      class="MuiTableCell-root MuiTableCell-head MuiTableCell-alignCenter MuiTableCell-sizeSmall"
                      scope="col"
                    >
                      Input
                    </th>
                    <th
                      class="MuiTableCell-root MuiTableCell-head MuiTableCell-alignCenter MuiTableCell-sizeSmall"
                      scope="col"
                    >
                      Result
                    </th>
                  </tr>
                </thead>
                <tbody
                  class="MuiTableBody-root"
                >
                  <tr
                    class="MuiTableRow-root"
                  >
                    <td
                      class="MuiTableCell-root MuiTableCell-body MuiTableCell-alignCenter MuiTableCell-sizeSmall"
                    >
                      <div
                        style="width: 60px; font-weight: 700;"
                      >
                        2,1,6,10
                      </div>
                    </td>
                    <td
                      class="MuiTableCell-root MuiTableCell-body MuiTableCell-alignCenter MuiTableCell-sizeSmall"
                    >
                       
                      <div>
                        mockTick
                      </div>
                    </td>
                  </tr>
                  <tr
                    class="MuiTableRow-root"
                  >
                    <td
                      class="MuiTableCell-root MuiTableCell-body MuiTableCell-alignCenter MuiTableCell-sizeSmall"
                    >
                      <div
                        style="width: 60px; font-weight: 700;"
                      >
                        9,12,8,3
                      </div>
                    </td>
                    <td
                      class="MuiTableCell-root MuiTableCell-body MuiTableCell-alignCenter MuiTableCell-sizeSmall"
                    >
                       
                      <div>
                        mockTick
                      </div>
                    </td>
                  </tr>
                  <tr
                    class="MuiTableRow-root"
                  >
                    <td
                      class="MuiTableCell-root MuiTableCell-body MuiTableCell-alignCenter MuiTableCell-sizeSmall"
                    >
                      <div
                        style="width: 60px; font-weight: 700;"
                      >
                        3,2,17,10
                      </div>
                    </td>
                    <td
                      class="MuiTableCell-root MuiTableCell-body MuiTableCell-alignCenter MuiTableCell-sizeSmall"
                    >
                       
                      <div>
                        mockTick
                      </div>
                    </td>
                  </tr>
                </tbody>
              </table>
            </div>
          </div>
        </div>
        <span
          class="MuiTypography-root MuiTypography-overline MuiTypography-gutterBottom MuiTypography-displayBlock"
        />
        <div
          class="makeStyles-title-8"
        >
          Illegal Input
        </div>
        <div>
          <div
            class="makeStyles-buttons-7"
          >
            <button
              class="MuiButtonBase-root MuiIconButton-root MuiIconButton-sizeSmall"
              style="background-color: rgb(255, 111, 0); color: rgb(255, 255, 255);"
              tabindex="0"
              title="shuffle"
              type="button"
              variant="contained"
            >
              <span
                class="MuiIconButton-label"
              >
                <svg
                  aria-hidden="true"
                  class="MuiSvgIcon-root"
                  focusable="false"
                  viewBox="0 0 24 24"
                >
                  <path
                    d="M17.65 6.35C16.2 4.9 14.21 4 12 4c-4.42 0-7.99 3.58-7.99 8s3.57 8 7.99 8c3.73 0 6.84-2.55 7.73-6h-2.08c-.82 2.33-3.04 4-5.65 4-3.31 0-6-2.69-6-6s2.69-6 6-6c1.66 0 3.14.69 4.22 1.78L13 11h7V4l-2.35 2.35z"
                  />
                </svg>
              </span>
              <span
                class="MuiTouchRipple-root"
              />
            </button>
            <button
              class="MuiButtonBase-root MuiIconButton-root MuiIconButton-sizeSmall"
              style="background-color: rgb(255, 111, 0); color: rgb(255, 255, 255);"
              tabindex="0"
              title="play"
              type="button"
              variant="contained"
            >
              <span
                class="MuiIconButton-label"
              >
                <svg
                  aria-hidden="true"
                  class="MuiSvgIcon-root"
                  focusable="false"
                  viewBox="0 0 24 24"
                >
                  <path
                    d="M8 5v14l11-7z"
                  />
                </svg>
              </span>
              <span
                class="MuiTouchRipple-root"
              />
            </button>
          </div>
          <div
            class="makeStyles-tables-9"
          >
            <div
              class="MuiPaper-root MuiTableContainer-root MuiPaper-elevation1 MuiPaper-rounded"
            >
              <table
                aria-label="a dense table"
                class="MuiTable-root"
              >
                <thead
                  class="MuiTableHead-root"
                >
                  <tr
                    class="MuiTableRow-root MuiTableRow-head"
                  >
                    <th
                      class="MuiTableCell-root MuiTableCell-head MuiTableCell-alignCenter MuiTableCell-sizeSmall"
                      scope="col"
                    >
                      Input
                    </th>
                    <th
                      class="MuiTableCell-root MuiTableCell-head MuiTableCell-alignCenter MuiTableCell-sizeSmall"
                      scope="col"
                    >
                      Result
                    </th>
                  </tr>
                </thead>
                <tbody
                  class="MuiTableBody-root"
                >
                  <tr
                    class="MuiTableRow-root"
                  >
                    <td
                      class="MuiTableCell-root MuiTableCell-body MuiTableCell-alignCenter MuiTableCell-sizeSmall"
                    >
                      <div
                        style="width: 60px; font-weight: 700;"
                      >
                        2,a,6,10
                      </div>
                    </td>
                    <td
                      class="MuiTableCell-root MuiTableCell-body MuiTableCell-alignCenter MuiTableCell-sizeSmall"
                    >
                       
                      <div>
                        mockCross
                      </div>
                    </td>
                  </tr>
                  <tr
                    class="MuiTableRow-root"
                  >
                    <td
                      class="MuiTableCell-root MuiTableCell-body MuiTableCell-alignCenter MuiTableCell-sizeSmall"
                    >
                      <div
                        style="width: 60px; font-weight: 700;"
                      >
                        9,*,&,3
                      </div>
                    </td>
                    <td
                      class="MuiTableCell-root MuiTableCell-body MuiTableCell-alignCenter MuiTableCell-sizeSmall"
                    >
                       
                      <div>
                        mockCross
                      </div>
                    </td>
                  </tr>
                  <tr
                    class="MuiTableRow-root"
                  >
                    <td
                      class="MuiTableCell-root MuiTableCell-body MuiTableCell-alignCenter MuiTableCell-sizeSmall"
                    >
                      <div
                        style="width: 60px; font-weight: 700;"
                      >
                        3,#,&,10
                      </div>
                    </td>
                    <td
                      class="MuiTableCell-root MuiTableCell-body MuiTableCell-alignCenter MuiTableCell-sizeSmall"
                    >
                       
                      <div>
                        mockCross
                      </div>
                    </td>
                  </tr>
                </tbody>
              </table>
            </div>
          </div>
        </div>
      </div>
    </div>
  </body>,
  "container": <div>
    <div
      class="makeStyles-root-6"
    >
      <div>
        <div
          class="makeStyles-title-8"
        >
          Legal Input
        </div>
        <div
          class="makeStyles-buttons-7"
        >
          <button
            class="MuiButtonBase-root MuiIconButton-root MuiIconButton-sizeSmall"
            style="background-color: rgb(255, 111, 0); color: rgb(255, 255, 255);"
            tabindex="0"
            title="shuffle"
            type="button"
            variant="contained"
          >
            <span
              class="MuiIconButton-label"
            >
              <svg
                aria-hidden="true"
                class="MuiSvgIcon-root"
                focusable="false"
                viewBox="0 0 24 24"
              >
                <path
                  d="M17.65 6.35C16.2 4.9 14.21 4 12 4c-4.42 0-7.99 3.58-7.99 8s3.57 8 7.99 8c3.73 0 6.84-2.55 7.73-6h-2.08c-.82 2.33-3.04 4-5.65 4-3.31 0-6-2.69-6-6s2.69-6 6-6c1.66 0 3.14.69 4.22 1.78L13 11h7V4l-2.35 2.35z"
                />
              </svg>
            </span>
            <span
              class="MuiTouchRipple-root"
            />
          </button>
          <button
            class="MuiButtonBase-root MuiIconButton-root MuiIconButton-sizeSmall"
            style="background-color: rgb(255, 111, 0); color: rgb(255, 255, 255);"
            tabindex="0"
            title="play"
            type="button"
            variant="contained"
          >
            <span
              class="MuiIconButton-label"
            >
              <svg
                aria-hidden="true"
                class="MuiSvgIcon-root"
                focusable="false"
                viewBox="0 0 24 24"
              >
                <path
                  d="M8 5v14l11-7z"
                />
              </svg>
            </span>
            <span
              class="MuiTouchRipple-root"
            />
          </button>
        </div>
        <div
          class="makeStyles-tables-9"
        >
          <div
            class="MuiPaper-root MuiTableContainer-root MuiPaper-elevation1 MuiPaper-rounded"
          >
            <table
              aria-label="a dense table"
              class="MuiTable-root"
            >
              <thead
                class="MuiTableHead-root"
              >
                <tr
                  class="MuiTableRow-root MuiTableRow-head"
                >
                  <th
                    class="MuiTableCell-root MuiTableCell-head MuiTableCell-alignCenter MuiTableCell-sizeSmall"
                    scope="col"
                  >
                    Input
                  </th>
                  <th
                    class="MuiTableCell-root MuiTableCell-head MuiTableCell-alignCenter MuiTableCell-sizeSmall"
                    scope="col"
                  >
                    Result
                  </th>
                </tr>
              </thead>
              <tbody
                class="MuiTableBody-root"
              >
                <tr
                  class="MuiTableRow-root"
                >
                  <td
                    class="MuiTableCell-root MuiTableCell-body MuiTableCell-alignCenter MuiTableCell-sizeSmall"
                  >
                    <div
                      style="width: 60px; font-weight: 700;"
                    >
                      2,1,6,10
                    </div>
                  </td>
                  <td
                    class="MuiTableCell-root MuiTableCell-body MuiTableCell-alignCenter MuiTableCell-sizeSmall"
                  >
                     
                    <div>
                      mockTick
                    </div>
                  </td>
                </tr>
                <tr
                  class="MuiTableRow-root"
                >
                  <td
                    class="MuiTableCell-root MuiTableCell-body MuiTableCell-alignCenter MuiTableCell-sizeSmall"
                  >
                    <div
                      style="width: 60px; font-weight: 700;"
                    >
                      9,12,8,3
                    </div>
                  </td>
                  <td
                    class="MuiTableCell-root MuiTableCell-body MuiTableCell-alignCenter MuiTableCell-sizeSmall"
                  >
                     
                    <div>
                      mockTick
                    </div>
                  </td>
                </tr>
                <tr
                  class="MuiTableRow-root"
                >
                  <td
                    class="MuiTableCell-root MuiTableCell-body MuiTableCell-alignCenter MuiTableCell-sizeSmall"
                  >
                    <div
                      style="width: 60px; font-weight: 700;"
                    >
                      3,2,17,10
                    </div>
                  </td>
                  <td
                    class="MuiTableCell-root MuiTableCell-body MuiTableCell-alignCenter MuiTableCell-sizeSmall"
                  >
                     
                    <div>
                      mockTick
                    </div>
                  </td>
                </tr>
              </tbody>
            </table>
          </div>
        </div>
      </div>
      <span
        class="MuiTypography-root MuiTypography-overline MuiTypography-gutterBottom MuiTypography-displayBlock"
      />
      <div
        class="makeStyles-title-8"
      >
        Illegal Input
      </div>
      <div>
        <div
          class="makeStyles-buttons-7"
        >
          <button
            class="MuiButtonBase-root MuiIconButton-root MuiIconButton-sizeSmall"
            style="background-color: rgb(255, 111, 0); color: rgb(255, 255, 255);"
            tabindex="0"
            title="shuffle"
            type="button"
            variant="contained"
          >
            <span
              class="MuiIconButton-label"
            >
              <svg
                aria-hidden="true"
                class="MuiSvgIcon-root"
                focusable="false"
                viewBox="0 0 24 24"
              >
                <path
                  d="M17.65 6.35C16.2 4.9 14.21 4 12 4c-4.42 0-7.99 3.58-7.99 8s3.57 8 7.99 8c3.73 0 6.84-2.55 7.73-6h-2.08c-.82 2.33-3.04 4-5.65 4-3.31 0-6-2.69-6-6s2.69-6 6-6c1.66 0 3.14.69 4.22 1.78L13 11h7V4l-2.35 2.35z"
                />
              </svg>
            </span>
            <span
              class="MuiTouchRipple-root"
            />
          </button>
          <button
            class="MuiButtonBase-root MuiIconButton-root MuiIconButton-sizeSmall"
            style="background-color: rgb(255, 111, 0); color: rgb(255, 255, 255);"
            tabindex="0"
            title="play"
            type="button"
            variant="contained"
          >
            <span
              class="MuiIconButton-label"
            >
              <svg
                aria-hidden="true"
                class="MuiSvgIcon-root"
                focusable="false"
                viewBox="0 0 24 24"
              >
                <path
                  d="M8 5v14l11-7z"
                />
              </svg>
            </span>
            <span
              class="MuiTouchRipple-root"
            />
          </button>
        </div>
        <div
          class="makeStyles-tables-9"
        >
          <div
            class="MuiPaper-root MuiTableContainer-root MuiPaper-elevation1 MuiPaper-rounded"
          >
            <table
              aria-label="a dense table"
              class="MuiTable-root"
            >
              <thead
                class="MuiTableHead-root"
              >
                <tr
                  class="MuiTableRow-root MuiTableRow-head"
                >
                  <th
                    class="MuiTableCell-root MuiTableCell-head MuiTableCell-alignCenter MuiTableCell-sizeSmall"
                    scope="col"
                  >
                    Input
                  </th>
                  <th
                    class="MuiTableCell-root MuiTableCell-head MuiTableCell-alignCenter MuiTableCell-sizeSmall"
                    scope="col"
                  >
                    Result
                  </th>
                </tr>
              </thead>
              <tbody
                class="MuiTableBody-root"
              >
                <tr
                  class="MuiTableRow-root"
                >
                  <td
                    class="MuiTableCell-root MuiTableCell-body MuiTableCell-alignCenter MuiTableCell-sizeSmall"
                  >
                    <div
                      style="width: 60px; font-weight: 700;"
                    >
                      2,a,6,10
                    </div>
                  </td>
                  <td
                    class="MuiTableCell-root MuiTableCell-body MuiTableCell-alignCenter MuiTableCell-sizeSmall"
                  >
                     
                    <div>
                      mockCross
                    </div>
                  </td>
                </tr>
                <tr
                  class="MuiTableRow-root"
                >
                  <td
                    class="MuiTableCell-root MuiTableCell-body MuiTableCell-alignCenter MuiTableCell-sizeSmall"
                  >
                    <div
                      style="width: 60px; font-weight: 700;"
                    >
                      9,*,&,3
                    </div>
                  </td>
                  <td
                    class="MuiTableCell-root MuiTableCell-body MuiTableCell-alignCenter MuiTableCell-sizeSmall"
                  >
                     
                    <div>
                      mockCross
                    </div>
                  </td>
                </tr>
                <tr
                  class="MuiTableRow-root"
                >
                  <td
                    class="MuiTableCell-root MuiTableCell-body MuiTableCell-alignCenter MuiTableCell-sizeSmall"
                  >
                    <div
                      style="width: 60px; font-weight: 700;"
                    >
                      3,#,&,10
                    </div>
                  </td>
                  <td
                    class="MuiTableCell-root MuiTableCell-body MuiTableCell-alignCenter MuiTableCell-sizeSmall"
                  >
                     
                    <div>
                      mockCross
                    </div>
                  </td>
                </tr>
              </tbody>
            </table>
          </div>
        </div>
      </div>
    </div>
  </div>,
  "debug": [Function],
  "findAllByAltText": [Function],
  "findAllByDisplayValue": [Function],
  "findAllByLabelText": [Function],
  "findAllByPlaceholderText": [Function],
  "findAllByRole": [Function],
  "findAllByTestId": [Function],
  "findAllByText": [Function],
  "findAllByTitle": [Function],
  "findByAltText": [Function],
  "findByDisplayValue": [Function],
  "findByLabelText": [Function],
  "findByPlaceholderText": [Function],
  "findByRole": [Function],
  "findByTestId": [Function],
  "findByText": [Function],
  "findByTitle": [Function],
  "getAllByAltText": [Function],
  "getAllByDisplayValue": [Function],
  "getAllByLabelText": [Function],
  "getAllByPlaceholderText": [Function],
  "getAllByRole": [Function],
  "getAllByTestId": [Function],
  "getAllByText": [Function],
  "getAllByTitle": [Function],
  "getByAltText": [Function],
  "getByDisplayValue": [Function],
  "getByLabelText": [Function],
  "getByPlaceholderText": [Function],
  "getByRole": [Function],
  "getByTestId": [Function],
  "getByText": [Function],
  "getByTitle": [Function],
  "queryAllByAltText": [Function],
  "queryAllByDisplayValue": [Function],
  "queryAllByLabelText": [Function],
  "queryAllByPlaceholderText": [Function],
  "queryAllByRole": [Function],
  "queryAllByTestId": [Function],
  "queryAllByText": [Function],
  "queryAllByTitle": [Function],
  "queryByAltText": [Function],
  "queryByDisplayValue": [Function],
  "queryByLabelText": [Function],
  "queryByPlaceholderText": [Function],
  "queryByRole": [Function],
  "queryByTestId": [Function],
  "queryByText": [Function],
  "queryByTitle": [Function],
  "rerender": [Function],
  "unmount": [Function],
}
`;
