// Jest Snapshot v1, https://goo.gl/fbAQLP

exports[`help button should match Snapshot 1`] = `
Object {
  "asFragment": [Function],
  "baseElement": <body>
    <div>
      <div
        style="height: 48px;"
      >
        <button
          aria-label="Help"
          class="MuiButtonBase-root MuiIconButton-root"
          tabindex="0"
          title="Help"
          type="button"
        >
          <span
            class="MuiIconButton-label"
          >
            <svg
              aria-hidden="true"
              class="MuiSvgIcon-root makeStyles-icon-9"
              focusable="false"
              viewBox="0 0 24 24"
            >
              <path
                d="M11 18h2v-2h-2v2zm1-16C6.48 2 2 6.48 2 12s4.48 10 10 10 10-4.48 10-10S17.52 2 12 2zm0 18c-4.41 0-8-3.59-8-8s3.59-8 8-8 8 3.59 8 8-3.59 8-8 8zm0-14c-2.21 0-4 1.79-4 4h2c0-1.1.9-2 2-2s2 .9 2 2c0 2-3 1.75-3 5h2c0-2.25 3-2.5 3-5 0-2.21-1.79-4-4-4z"
              />
            </svg>
          </span>
          <span
            class="MuiTouchRipple-root"
          />
        </button>
        <div
          aria-hidden="true"
          class="MuiBackdrop-root makeStyles-backdrop-7"
          style="opacity: 0; visibility: hidden;"
        >
          <div
            class="MuiPaper-root MuiCard-root makeStyles-card-8 MuiPaper-elevation1 MuiPaper-rounded"
          >
            <div
              style="margin-left: 9px; margin-top: 9px;"
            >
              <button
                aria-label="close"
                class="MuiButtonBase-root MuiIconButton-root"
                index="2"
                tabindex="0"
                type="button"
                value="0"
              >
                <span
                  class="MuiIconButton-label"
                >
                  <svg
                    aria-hidden="true"
                    class="MuiSvgIcon-root"
                    focusable="false"
                    style="color: rgb(76, 175, 80); opacity: 0.8; font-size: 40px;"
                    viewBox="0 0 24 24"
                  >
                    <path
                      d="M14.59 8L12 10.59 9.41 8 8 9.41 10.59 12 8 14.59 9.41 16 12 13.41 14.59 16 16 14.59 13.41 12 16 9.41 14.59 8zM12 2C6.47 2 2 6.47 2 12s4.47 10 10 10 10-4.47 10-10S17.53 2 12 2zm0 18c-4.41 0-8-3.59-8-8s3.59-8 8-8 8 3.59 8 8-3.59 8-8 8z"
                    />
                  </svg>
                </span>
                <span
                  class="MuiTouchRipple-root"
                />
              </button>
            </div>
            <div>
              <div>
                <button
                  class="MuiButtonBase-root MuiCardActionArea-root"
                  style="height: 350px; margin-bottom: 15px;"
                  tabindex="0"
                  type="button"
                >
                  <img
                    alt="logoFinal"
                    src="../../resource/ForLoop.png"
                    width="587px"
                  />
                  <div
                    class="MuiCardContent-root"
                  >
                    <p
                      class="MuiTypography-root MuiTypography-body2 MuiTypography-colorTextSecondary"
                    />
                  </div>
                  <span
                    class="MuiCardActionArea-focusHighlight"
                  />
                  <span
                    class="MuiTouchRipple-root"
                  />
                </button>
              </div>
              <div />
            </div>
          </div>
        </div>
      </div>
    </div>
  </body>,
  "container": <div>
    <div
      style="height: 48px;"
    >
      <button
        aria-label="Help"
        class="MuiButtonBase-root MuiIconButton-root"
        tabindex="0"
        title="Help"
        type="button"
      >
        <span
          class="MuiIconButton-label"
        >
          <svg
            aria-hidden="true"
            class="MuiSvgIcon-root makeStyles-icon-9"
            focusable="false"
            viewBox="0 0 24 24"
          >
            <path
              d="M11 18h2v-2h-2v2zm1-16C6.48 2 2 6.48 2 12s4.48 10 10 10 10-4.48 10-10S17.52 2 12 2zm0 18c-4.41 0-8-3.59-8-8s3.59-8 8-8 8 3.59 8 8-3.59 8-8 8zm0-14c-2.21 0-4 1.79-4 4h2c0-1.1.9-2 2-2s2 .9 2 2c0 2-3 1.75-3 5h2c0-2.25 3-2.5 3-5 0-2.21-1.79-4-4-4z"
            />
          </svg>
        </span>
        <span
          class="MuiTouchRipple-root"
        />
      </button>
      <div
        aria-hidden="true"
        class="MuiBackdrop-root makeStyles-backdrop-7"
        style="opacity: 0; visibility: hidden;"
      >
        <div
          class="MuiPaper-root MuiCard-root makeStyles-card-8 MuiPaper-elevation1 MuiPaper-rounded"
        >
          <div
            style="margin-left: 9px; margin-top: 9px;"
          >
            <button
              aria-label="close"
              class="MuiButtonBase-root MuiIconButton-root"
              index="2"
              tabindex="0"
              type="button"
              value="0"
            >
              <span
                class="MuiIconButton-label"
              >
                <svg
                  aria-hidden="true"
                  class="MuiSvgIcon-root"
                  focusable="false"
                  style="color: rgb(76, 175, 80); opacity: 0.8; font-size: 40px;"
                  viewBox="0 0 24 24"
                >
                  <path
                    d="M14.59 8L12 10.59 9.41 8 8 9.41 10.59 12 8 14.59 9.41 16 12 13.41 14.59 16 16 14.59 13.41 12 16 9.41 14.59 8zM12 2C6.47 2 2 6.47 2 12s4.47 10 10 10 10-4.47 10-10S17.53 2 12 2zm0 18c-4.41 0-8-3.59-8-8s3.59-8 8-8 8 3.59 8 8-3.59 8-8 8z"
                  />
                </svg>
              </span>
              <span
                class="MuiTouchRipple-root"
              />
            </button>
          </div>
          <div>
            <div>
              <button
                class="MuiButtonBase-root MuiCardActionArea-root"
                style="height: 350px; margin-bottom: 15px;"
                tabindex="0"
                type="button"
              >
                <img
                  alt="logoFinal"
                  src="../../resource/ForLoop.png"
                  width="587px"
                />
                <div
                  class="MuiCardContent-root"
                >
                  <p
                    class="MuiTypography-root MuiTypography-body2 MuiTypography-colorTextSecondary"
                  />
                </div>
                <span
                  class="MuiCardActionArea-focusHighlight"
                />
                <span
                  class="MuiTouchRipple-root"
                />
              </button>
            </div>
            <div />
          </div>
        </div>
      </div>
    </div>
  </div>,
  "debug": [Function],
  "findAllByAltText": [Function],
  "findAllByDisplayValue": [Function],
  "findAllByLabelText": [Function],
  "findAllByPlaceholderText": [Function],
  "findAllByRole": [Function],
  "findAllByTestId": [Function],
  "findAllByText": [Function],
  "findAllByTitle": [Function],
  "findByAltText": [Function],
  "findByDisplayValue": [Function],
  "findByLabelText": [Function],
  "findByPlaceholderText": [Function],
  "findByRole": [Function],
  "findByTestId": [Function],
  "findByText": [Function],
  "findByTitle": [Function],
  "getAllByAltText": [Function],
  "getAllByDisplayValue": [Function],
  "getAllByLabelText": [Function],
  "getAllByPlaceholderText": [Function],
  "getAllByRole": [Function],
  "getAllByTestId": [Function],
  "getAllByText": [Function],
  "getAllByTitle": [Function],
  "getByAltText": [Function],
  "getByDisplayValue": [Function],
  "getByLabelText": [Function],
  "getByPlaceholderText": [Function],
  "getByRole": [Function],
  "getByTestId": [Function],
  "getByText": [Function],
  "getByTitle": [Function],
  "queryAllByAltText": [Function],
  "queryAllByDisplayValue": [Function],
  "queryAllByLabelText": [Function],
  "queryAllByPlaceholderText": [Function],
  "queryAllByRole": [Function],
  "queryAllByTestId": [Function],
  "queryAllByText": [Function],
  "queryAllByTitle": [Function],
  "queryByAltText": [Function],
  "queryByDisplayValue": [Function],
  "queryByLabelText": [Function],
  "queryByPlaceholderText": [Function],
  "queryByRole": [Function],
  "queryByTestId": [Function],
  "queryByText": [Function],
  "queryByTitle": [Function],
  "rerender": [Function],
  "unmount": [Function],
}
`;
