// Jest Snapshot v1, https://goo.gl/fbAQLP

exports[`should match InputTutorial snapshot 1`] = `
Object {
  "asFragment": [Function],
  "baseElement": <body>
    <div>
      <div
        class="makeStyles-div-19"
      >
        <div
          class="MuiPaper-root MuiCard-root makeStyles-card-20 MuiPaper-elevation1 MuiPaper-rounded"
        >
          <div
            class="makeStyles-algorithmTitle-21"
          >
            What day is (
            <span
              style="font-weight: 600; font-size: 20px; color: rgb(255, 111, 0);"
            >
              1
            </span>
            ) of a week?
          </div>
          <div
            class="makeStyles-display-24"
          >
            <div
              class="makeStyles-output-22"
            >
              <span
                style="font-weight: 600; font-size: 60px; color: rgb(255, 111, 0);"
              >
                Monday
              </span>
            </div>
            
            <div
              class="makeStyles-root-28"
            >
              <div
                class="MuiPaper-root WithStyles(ForwardRef(Paper))-root-29 MuiPaper-outlined MuiPaper-rounded"
              >
                No.1 day of a week is Monday
              </div>
            </div>
          </div>
          <div
            class="makeStyles-divider-23"
          >
            <hr
              class="MuiDivider-root"
            />
            <div
              class="makeStyles-explanation-25"
            >
              <div
                style="height: 48px;"
              >
                <button
                  aria-label="help"
                  class="MuiButtonBase-root MuiIconButton-root"
                  tabindex="0"
                  title="tutorial"
                  type="button"
                >
                  <span
                    class="MuiIconButton-label"
                  >
                    <svg
                      aria-hidden="true"
                      class="MuiSvgIcon-root makeStyles-icon-33"
                      focusable="false"
                      viewBox="0 0 24 24"
                    >
                      <path
                        d="M11 18h2v-2h-2v2zm1-16C6.48 2 2 6.48 2 12s4.48 10 10 10 10-4.48 10-10S17.52 2 12 2zm0 18c-4.41 0-8-3.59-8-8s3.59-8 8-8 8 3.59 8 8-3.59 8-8 8zm0-14c-2.21 0-4 1.79-4 4h2c0-1.1.9-2 2-2s2 .9 2 2c0 2-3 1.75-3 5h2c0-2.25 3-2.5 3-5 0-2.21-1.79-4-4-4z"
                      />
                    </svg>
                  </span>
                  <span
                    class="MuiTouchRipple-root"
                  />
                </button>
                <div
                  aria-hidden="true"
                  class="MuiBackdrop-root makeStyles-backdrop-30"
                  style="opacity: 0; visibility: hidden;"
                >
                  <div
                    class="MuiPaper-root MuiCard-root makeStyles-card-31 MuiPaper-elevation1 MuiPaper-rounded"
                  >
                    <div
                      class="makeStyles-avatar-32"
                    >
                      <button
                        aria-label="close"
                        class="MuiButtonBase-root MuiIconButton-root"
                        tabindex="0"
                        type="button"
                      >
                        <span
                          class="MuiIconButton-label"
                        >
                          <svg
                            aria-hidden="true"
                            class="MuiSvgIcon-root"
                            focusable="false"
                            style="color: rgb(255, 111, 0); opacity: 0.8; font-size: 40px;"
                            viewBox="0 0 24 24"
                          >
                            <path
                              d="M14.59 8L12 10.59 9.41 8 8 9.41 10.59 12 8 14.59 9.41 16 12 13.41 14.59 16 16 14.59 13.41 12 16 9.41 14.59 8zM12 2C6.47 2 2 6.47 2 12s4.47 10 10 10 10-4.47 10-10S17.53 2 12 2zm0 18c-4.41 0-8-3.59-8-8s3.59-8 8-8 8 3.59 8 8-3.59 8-8 8z"
                            />
                          </svg>
                        </span>
                        <span
                          class="MuiTouchRipple-root"
                        />
                      </button>
                    </div>
                    <div>
                      <div>
                        <button
                          class="MuiButtonBase-root MuiCardActionArea-root"
                          style="width: 580px; height: 415px; margin-bottom: 15px;"
                          tabindex="0"
                          type="button"
                        >
                          <img
                            alt="logo0"
                            heigh="300"
                            src="inputExp0.png"
                            width="587"
                          />
                          <span
                            class="MuiCardActionArea-focusHighlight"
                          />
                          <span
                            class="MuiTouchRipple-root"
                          />
                        </button>
                      </div>
                      <div
                        class="makeStyles-button-35"
                      >
                        <button
                          class="MuiButtonBase-root MuiIconButton-root Mui-disabled MuiIconButton-sizeSmall Mui-disabled"
                          disabled=""
                          style="background-color: rgb(255, 111, 0); opacity: 0.5;"
                          tabindex="-1"
                          type="button"
                        >
                          <span
                            class="MuiIconButton-label"
                          >
                            <svg
                              aria-hidden="true"
                              class="MuiSvgIcon-root"
                              focusable="false"
                              style="color: white; font-size: 40px;"
                              viewBox="0 0 24 24"
                            >
                              <path
                                d="M15.41 7.41L14 6l-6 6 6 6 1.41-1.41L10.83 12z"
                              />
                            </svg>
                          </span>
                        </button>
                        <button
                          class="MuiButtonBase-root MuiIconButton-root MuiIconButton-sizeSmall"
                          style="background-color: rgb(255, 111, 0); opacity: 0.5;"
                          tabindex="0"
                          type="button"
                        >
                          <span
                            class="MuiIconButton-label"
                          >
                            <svg
                              aria-hidden="true"
                              class="MuiSvgIcon-root"
                              focusable="false"
                              style="color: white; font-size: 40px;"
                              viewBox="0 0 24 24"
                            >
                              <path
                                d="M10 6L8.59 7.41 13.17 12l-4.58 4.59L10 18l6-6z"
                              />
                            </svg>
                          </span>
                          <span
                            class="MuiTouchRipple-root"
                          />
                        </button>
                      </div>
                    </div>
                  </div>
                </div>
              </div>
              <div
                class="makeStyles-links-26"
              >
                <p
                  class="MuiTypography-root makeStyles-text-27 MuiTypography-body1"
                >
                  For any 
                  <span
                    style="color: rgb(255, 111, 0);"
                  >
                    legal input
                  </span>
                  , expected output can be generated
                </p>
              </div>
            </div>
          </div>
        </div>
        <div>
          mockInputTable
        </div>
      </div>
    </div>
  </body>,
  "container": <div>
    <div
      class="makeStyles-div-19"
    >
      <div
        class="MuiPaper-root MuiCard-root makeStyles-card-20 MuiPaper-elevation1 MuiPaper-rounded"
      >
        <div
          class="makeStyles-algorithmTitle-21"
        >
          What day is (
          <span
            style="font-weight: 600; font-size: 20px; color: rgb(255, 111, 0);"
          >
            1
          </span>
          ) of a week?
        </div>
        <div
          class="makeStyles-display-24"
        >
          <div
            class="makeStyles-output-22"
          >
            <span
              style="font-weight: 600; font-size: 60px; color: rgb(255, 111, 0);"
            >
              Monday
            </span>
          </div>
          
          <div
            class="makeStyles-root-28"
          >
            <div
              class="MuiPaper-root WithStyles(ForwardRef(Paper))-root-29 MuiPaper-outlined MuiPaper-rounded"
            >
              No.1 day of a week is Monday
            </div>
          </div>
        </div>
        <div
          class="makeStyles-divider-23"
        >
          <hr
            class="MuiDivider-root"
          />
          <div
            class="makeStyles-explanation-25"
          >
            <div
              style="height: 48px;"
            >
              <button
                aria-label="help"
                class="MuiButtonBase-root MuiIconButton-root"
                tabindex="0"
                title="tutorial"
                type="button"
              >
                <span
                  class="MuiIconButton-label"
                >
                  <svg
                    aria-hidden="true"
                    class="MuiSvgIcon-root makeStyles-icon-33"
                    focusable="false"
                    viewBox="0 0 24 24"
                  >
                    <path
                      d="M11 18h2v-2h-2v2zm1-16C6.48 2 2 6.48 2 12s4.48 10 10 10 10-4.48 10-10S17.52 2 12 2zm0 18c-4.41 0-8-3.59-8-8s3.59-8 8-8 8 3.59 8 8-3.59 8-8 8zm0-14c-2.21 0-4 1.79-4 4h2c0-1.1.9-2 2-2s2 .9 2 2c0 2-3 1.75-3 5h2c0-2.25 3-2.5 3-5 0-2.21-1.79-4-4-4z"
                    />
                  </svg>
                </span>
                <span
                  class="MuiTouchRipple-root"
                />
              </button>
              <div
                aria-hidden="true"
                class="MuiBackdrop-root makeStyles-backdrop-30"
                style="opacity: 0; visibility: hidden;"
              >
                <div
                  class="MuiPaper-root MuiCard-root makeStyles-card-31 MuiPaper-elevation1 MuiPaper-rounded"
                >
                  <div
                    class="makeStyles-avatar-32"
                  >
                    <button
                      aria-label="close"
                      class="MuiButtonBase-root MuiIconButton-root"
                      tabindex="0"
                      type="button"
                    >
                      <span
                        class="MuiIconButton-label"
                      >
                        <svg
                          aria-hidden="true"
                          class="MuiSvgIcon-root"
                          focusable="false"
                          style="color: rgb(255, 111, 0); opacity: 0.8; font-size: 40px;"
                          viewBox="0 0 24 24"
                        >
                          <path
                            d="M14.59 8L12 10.59 9.41 8 8 9.41 10.59 12 8 14.59 9.41 16 12 13.41 14.59 16 16 14.59 13.41 12 16 9.41 14.59 8zM12 2C6.47 2 2 6.47 2 12s4.47 10 10 10 10-4.47 10-10S17.53 2 12 2zm0 18c-4.41 0-8-3.59-8-8s3.59-8 8-8 8 3.59 8 8-3.59 8-8 8z"
                          />
                        </svg>
                      </span>
                      <span
                        class="MuiTouchRipple-root"
                      />
                    </button>
                  </div>
                  <div>
                    <div>
                      <button
                        class="MuiButtonBase-root MuiCardActionArea-root"
                        style="width: 580px; height: 415px; margin-bottom: 15px;"
                        tabindex="0"
                        type="button"
                      >
                        <img
                          alt="logo0"
                          heigh="300"
                          src="inputExp0.png"
                          width="587"
                        />
                        <span
                          class="MuiCardActionArea-focusHighlight"
                        />
                        <span
                          class="MuiTouchRipple-root"
                        />
                      </button>
                    </div>
                    <div
                      class="makeStyles-button-35"
                    >
                      <button
                        class="MuiButtonBase-root MuiIconButton-root Mui-disabled MuiIconButton-sizeSmall Mui-disabled"
                        disabled=""
                        style="background-color: rgb(255, 111, 0); opacity: 0.5;"
                        tabindex="-1"
                        type="button"
                      >
                        <span
                          class="MuiIconButton-label"
                        >
                          <svg
                            aria-hidden="true"
                            class="MuiSvgIcon-root"
                            focusable="false"
                            style="color: white; font-size: 40px;"
                            viewBox="0 0 24 24"
                          >
                            <path
                              d="M15.41 7.41L14 6l-6 6 6 6 1.41-1.41L10.83 12z"
                            />
                          </svg>
                        </span>
                      </button>
                      <button
                        class="MuiButtonBase-root MuiIconButton-root MuiIconButton-sizeSmall"
                        style="background-color: rgb(255, 111, 0); opacity: 0.5;"
                        tabindex="0"
                        type="button"
                      >
                        <span
                          class="MuiIconButton-label"
                        >
                          <svg
                            aria-hidden="true"
                            class="MuiSvgIcon-root"
                            focusable="false"
                            style="color: white; font-size: 40px;"
                            viewBox="0 0 24 24"
                          >
                            <path
                              d="M10 6L8.59 7.41 13.17 12l-4.58 4.59L10 18l6-6z"
                            />
                          </svg>
                        </span>
                        <span
                          class="MuiTouchRipple-root"
                        />
                      </button>
                    </div>
                  </div>
                </div>
              </div>
            </div>
            <div
              class="makeStyles-links-26"
            >
              <p
                class="MuiTypography-root makeStyles-text-27 MuiTypography-body1"
              >
                For any 
                <span
                  style="color: rgb(255, 111, 0);"
                >
                  legal input
                </span>
                , expected output can be generated
              </p>
            </div>
          </div>
        </div>
      </div>
      <div>
        mockInputTable
      </div>
    </div>
  </div>,
  "debug": [Function],
  "findAllByAltText": [Function],
  "findAllByDisplayValue": [Function],
  "findAllByLabelText": [Function],
  "findAllByPlaceholderText": [Function],
  "findAllByRole": [Function],
  "findAllByTestId": [Function],
  "findAllByText": [Function],
  "findAllByTitle": [Function],
  "findByAltText": [Function],
  "findByDisplayValue": [Function],
  "findByLabelText": [Function],
  "findByPlaceholderText": [Function],
  "findByRole": [Function],
  "findByTestId": [Function],
  "findByText": [Function],
  "findByTitle": [Function],
  "getAllByAltText": [Function],
  "getAllByDisplayValue": [Function],
  "getAllByLabelText": [Function],
  "getAllByPlaceholderText": [Function],
  "getAllByRole": [Function],
  "getAllByTestId": [Function],
  "getAllByText": [Function],
  "getAllByTitle": [Function],
  "getByAltText": [Function],
  "getByDisplayValue": [Function],
  "getByLabelText": [Function],
  "getByPlaceholderText": [Function],
  "getByRole": [Function],
  "getByTestId": [Function],
  "getByText": [Function],
  "getByTitle": [Function],
  "queryAllByAltText": [Function],
  "queryAllByDisplayValue": [Function],
  "queryAllByLabelText": [Function],
  "queryAllByPlaceholderText": [Function],
  "queryAllByRole": [Function],
  "queryAllByTestId": [Function],
  "queryAllByText": [Function],
  "queryAllByTitle": [Function],
  "queryByAltText": [Function],
  "queryByDisplayValue": [Function],
  "queryByLabelText": [Function],
  "queryByPlaceholderText": [Function],
  "queryByRole": [Function],
  "queryByTestId": [Function],
  "queryByText": [Function],
  "queryByTitle": [Function],
  "rerender": [Function],
  "unmount": [Function],
}
`;
